#-----------------------------------------------------------
# Webtalk v2019.1.2 (64-bit)
# SW Build 2615518 on Fri Aug  9 15:55:25 MDT 2019
# IP Build 2614745 on Fri Aug  9 20:55:02 MDT 2019
# Start of session at: Sun Dec  1 13:05:19 2019
# Process ID: 5940
# Current directory: C:/Users/Ali/Documents/cmpe_125_lab_9/extra_credit/extra_credit.sim/sim_1/behav/xsim
# Command line: wbtcv.exe -mode batch -source C:/Users/Ali/Documents/cmpe_125_lab_9/extra_credit/extra_credit.sim/sim_1/behav/xsim/xsim.dir/small_calc_cu_tb_behav/webtalk/xsim_webtalk.tcl -notrace
# Log file: C:/Users/Ali/Documents/cmpe_125_lab_9/extra_credit/extra_credit.sim/sim_1/behav/xsim/webtalk.log
# Journal file: C:/Users/Ali/Documents/cmpe_125_lab_9/extra_credit/extra_credit.sim/sim_1/behav/xsim\webtalk.jou
#-----------------------------------------------------------
source C:/Users/Ali/Documents/cmpe_125_lab_9/extra_credit/extra_credit.sim/sim_1/behav/xsim/xsim.dir/small_calc_cu_tb_behav/webtalk/xsim_webtalk.tcl -notrace
